// Jest Snapshot v1, https://goo.gl/fbAQLP

exports[`SongList component renders correctly 1`] = `
<section>
  <div
    className="trackTable"
  >
    <div
      className="list"
    />
    <div
      className="songName"
    >
      Song name
    </div>
    <div
      className="artistName"
    >
      Artist Name
    </div>
    <div
      className="track"
    >
      Track
    </div>
    <div
      className="buttons"
    />
  </div>
  <div
    className="trackList"
  />
</section>
`;
